// Jest Snapshot v1, https://goo.gl/fbAQLP

exports[`TaggingMetricsStack should produce the expected cloudformation 1`] = `
{
  "Parameters": {
    "BootstrapVersion": {
      "Default": "/cdk-bootstrap/hnb659fds/version",
      "Description": "Version of the CDK Bootstrap resources in this environment, automatically retrieved from SSM Parameter Store. [cdk:skip]",
      "Type": "AWS::SSM::Parameter::Value<String>",
    },
  },
  "Resources": {
    "summarymetricsexporterE5578E27": {
      "DependsOn": [
        "summarymetricsexporterlogsC0B8B765",
        "summarymetricsexporterServiceRoleDefaultPolicyEA4C9744",
        "summarymetricsexporterServiceRoleFE45D228",
      ],
      "Properties": {
        "Architectures": [
          "arm64",
        ],
        "Code": {
          "S3Bucket": {
            "Fn::Sub": "cdk-hnb659fds-assets-\${AWS::AccountId}-\${AWS::Region}",
          },
          "S3Key": "3a8e3a68e6688dd7aa20fbc6b17d4568272b273e25c980902a34476fb76f8003.zip",
        },
        "Environment": {
          "Variables": {
            "AWS_NODEJS_CONNECTION_REUSE_ENABLED": "1",
          },
        },
        "FunctionName": "stack-summary-metrics-exporter-dev",
        "Handler": "index.handler",
        "MemorySize": 512,
        "Role": {
          "Fn::GetAtt": [
            "summarymetricsexporterServiceRoleFE45D228",
            "Arn",
          ],
        },
        "Runtime": "nodejs16.x",
        "Timeout": 60,
      },
      "Type": "AWS::Lambda::Function",
    },
    "summarymetricsexporterServiceRoleDefaultPolicyEA4C9744": {
      "DependsOn": [
        "summarymetricsexporterlogsC0B8B765",
      ],
      "Properties": {
        "PolicyDocument": {
          "Statement": [
            {
              "Action": "tag:GetResources",
              "Effect": "Allow",
              "Resource": "*",
            },
          ],
          "Version": "2012-10-17",
        },
        "PolicyName": "summarymetricsexporterServiceRoleDefaultPolicyEA4C9744",
        "Roles": [
          {
            "Ref": "summarymetricsexporterServiceRoleFE45D228",
          },
        ],
      },
      "Type": "AWS::IAM::Policy",
    },
    "summarymetricsexporterServiceRoleFE45D228": {
      "DependsOn": [
        "summarymetricsexporterlogsC0B8B765",
      ],
      "Properties": {
        "AssumeRolePolicyDocument": {
          "Statement": [
            {
              "Action": "sts:AssumeRole",
              "Effect": "Allow",
              "Principal": {
                "Service": "lambda.amazonaws.com",
              },
            },
          ],
          "Version": "2012-10-17",
        },
        "ManagedPolicyArns": [
          {
            "Fn::Join": [
              "",
              [
                "arn:",
                {
                  "Ref": "AWS::Partition",
                },
                ":iam::aws:policy/service-role/AWSLambdaBasicExecutionRole",
              ],
            ],
          },
        ],
      },
      "Type": "AWS::IAM::Role",
    },
    "summarymetricsexporterlogsC0B8B765": {
      "DeletionPolicy": "Delete",
      "Properties": {
        "LogGroupName": "/aws/lambda/stack-summary-metrics-exporter-dev",
        "RetentionInDays": 7,
      },
      "Type": "AWS::Logs::LogGroup",
      "UpdateReplacePolicy": "Delete",
    },
  },
  "Rules": {
    "CheckBootstrapVersion": {
      "Assertions": [
        {
          "Assert": {
            "Fn::Not": [
              {
                "Fn::Contains": [
                  [
                    "1",
                    "2",
                    "3",
                    "4",
                    "5",
                  ],
                  {
                    "Ref": "BootstrapVersion",
                  },
                ],
              },
            ],
          },
          "AssertDescription": "CDK bootstrap stack version 6 required. Please run 'cdk bootstrap' with a recent version of the CDK CLI.",
        },
      ],
    },
  },
}
`;
